
#### closed (1,3) rods, R_max = 1: 37 rods ####
  lamODE   alpha    beta     L      l2      l3      c       C      tau0     p2      fA      fB   closure  q1-kmin^2 q2-kmax^2
  -0.7650  0.3623  0.5480 10.022  1.0423  0.7650  0.5503  0.3609  0.6813  1.0206  2.2578  1.1067  5e-11  +4.3e-12 +6.4e-04
  -0.7550  0.3635  0.5434  9.940  1.0439  0.7550  0.5451  0.3605  0.6913  0.9760  2.2582  1.1216  8e-11  +4.4e-12 +6.4e-04
  -0.7450  0.3647  0.5386  9.857  1.0455  0.7450  0.5397  0.3596  0.7017  0.9285  2.2576  1.1373  1e-10  +4.4e-12 +6.4e-04
  -0.7350  0.3659  0.5337  9.774  1.0471  0.7350  0.5342  0.3582  0.7123  0.8779  2.2561  1.1536  6e-11  +4.5e-12 +6.4e-04
  -0.7250  0.3670  0.5286  9.690  1.0486  0.7250  0.5285  0.3561  0.7232  0.8239  2.2536  1.1706  9e-11  +4.5e-12 +6.3e-04
  -0.7150  0.3681  0.5233  9.606  1.0501  0.7150  0.5226  0.3534  0.7344  0.7664  2.2499  1.1885  4e-11  +4.5e-12 +6.3e-04
  -0.7050  0.3692  0.5178  9.521  1.0516  0.7050  0.5165  0.3500  0.7458  0.7051  2.2450  1.2070  4e-11  +4.6e-12 +6.3e-04
  -0.6950  0.3702  0.5121  9.436  1.0531  0.6950  0.5101  0.3458  0.7576  0.6399  2.2388  1.2265  9e-11  +4.6e-12 +6.3e-04
  -0.6850  0.3712  0.5062  9.351  1.0546  0.6850  0.5036  0.3406  0.7698  0.5704  2.2311  1.2468  4e-11  +4.5e-12 +6.3e-04
  -0.6750  0.3722  0.5001  9.265  1.0560  0.6750  0.4968  0.3345  0.7822  0.4963  2.2217  1.2680  6e-11  +4.5e-12 +6.3e-04
  -0.6650  0.3731  0.4937  9.178  1.0574  0.6650  0.4898  0.3273  0.7950  0.4175  2.2107  1.2901  4e-11  +4.5e-12 +6.2e-04
  -0.6550  0.3740  0.4871  9.091  1.0588  0.6550  0.4825  0.3189  0.8082  0.3336  2.1978  1.3133  4e-11  +4.4e-12 +6.2e-04
  -0.6450  0.3749  0.4802  9.003  1.0601  0.6450  0.4750  0.3091  0.8218  0.2442  2.1829  1.3375  4e-11  +4.3e-12 +6.2e-04
  -0.6350  0.3757  0.4731  8.915  1.0614  0.6350  0.4672  0.2979  0.8357  0.1491  2.1658  1.3628  5e-11  +4.2e-12 +6.1e-04
  -0.6250  0.3765  0.4656  8.827  1.0626  0.6250  0.4591  0.2850  0.8501  0.0478  2.1463  1.3892  3e-11  +4.1e-12 +6.1e-04
  -0.6150  0.3772  0.4578  8.738  1.0637  0.6150  0.4507  0.2704  0.8648 -0.0601  2.1243  1.4168  4e-11  +3.9e-12 +6.0e-04
  -0.6050  0.3779  0.4497  8.648  1.0648  0.6050  0.4421  0.2538  0.8800 -0.1748  2.0996  1.4456  4e-11  +3.7e-12 +6.0e-04
  -0.5950  0.3785  0.4413  8.558  1.0659  0.5950  0.4332  0.2350  0.8957 -0.2970  2.0718  1.4757  4e-11  +3.5e-12 +5.9e-04
  -0.5850  0.3790  0.4325  8.467  1.0668  0.5850  0.4239  0.2138  0.9118 -0.4269  2.0409  1.5072  3e-11  +3.2e-12 +5.8e-04
  -0.5750  0.3795  0.4232  8.376  1.0676  0.5750  0.4143  0.1901  0.9284 -0.5652  2.0067  1.5400  3e-11  +2.9e-12 +5.8e-04
  -0.5650  0.3800  0.4136  8.284  1.0684  0.5650  0.4045  0.1634  0.9455 -0.7123  1.9687  1.5742  5e-11  +2.5e-12 +5.7e-04
  -0.5550  0.3803  0.4035  8.192  1.0690  0.5550  0.3943  0.1336  0.9631 -0.8686  1.9269  1.6098  3e-11  +2.0e-12 +5.6e-04
  -0.5450  0.3806  0.3929  8.100  1.0695  0.5450  0.3837  0.1004  0.9812 -1.0347  1.8810  1.6470  3e-11  +1.6e-12 +5.5e-04
  -0.5350  0.3808  0.3817  8.006  1.0699  0.5350  0.3729  0.0634  0.9999 -1.2112  1.8308  1.6857  7e-11  +9.9e-13 +5.4e-04
  -0.5250  0.3809  0.3700  7.913  1.0701  0.5250  0.3617  0.0223  1.0191 -1.3986  1.7760  1.7258  2e-11  +3.5e-13 +5.3e-04
  -0.5150  0.3809  0.3577  7.819  1.0701  0.5150  0.3502 -0.0232  1.0389 -1.5973  1.7164  1.7675  4e-11  -2.0e-18 +5.1e-04
  -0.5050  0.3808  0.3448  7.724  1.0698  0.5050  0.3384 -0.0735  1.0593 -1.8078  1.6518  1.8107  2e-11  -8.2e-18 +5.0e-04
  -0.4950  0.3805  0.3311  7.629  1.0694  0.4950  0.3263 -0.1290  1.0802 -2.0306  1.5822  1.8554  2e-11  -1.0e-17 +4.8e-04
  -0.4850  0.3802  0.3166  7.534  1.0687  0.4850  0.3139 -0.1900  1.1017 -2.2660  1.5074  1.9014  4e-11  -6.9e-18 +4.7e-04
  -0.4750  0.3797  0.3013  7.438  1.0676  0.4750  0.3014 -0.2570  1.1238 -2.5143  1.4274  1.9487  2e-11  -3.5e-18 +4.5e-04
  -0.4650  0.3791  0.2851  7.342  1.0662  0.4650  0.2886 -0.3300  1.1465 -2.7754  1.3425  1.9971  8e-11  -4.2e-17 +4.3e-04
  -0.4550  0.3783  0.2679  7.246  1.0645  0.4550  0.2757 -0.4096  1.1697 -3.0494  1.2529  2.0463  2e-11  +7.6e-17 +4.1e-04
  -0.4450  0.3773  0.2495  7.150  1.0622  0.4450  0.2628 -0.4956  1.1935 -3.3356  1.1591  2.0962  2e-11  +0.0e+00 +3.8e-04
  -0.4350  0.3761  0.2300  7.053  1.0594  0.4350  0.2499 -0.5882  1.2177 -3.6332  1.0619  2.1462  2e-11  -8.3e-17 +3.5e-04
  -0.4250  0.3746  0.2090  6.957  1.0560  0.4250  0.2372 -0.6871  1.2423 -3.9406  0.9624  2.1958  1e-11  +5.6e-17 +3.2e-04
  -0.4150  0.3729  0.1866  6.860  1.0518  0.4150  0.2249 -0.7915  1.2672 -4.2556  0.8623  2.2443  2e-11  +0.0e+00 +2.9e-04
  -0.4050  0.3709  0.1624  6.764  1.0468  0.4050  0.2132 -0.9004  1.2924 -4.5748  0.7638  2.2908  2e-11  -5.6e-17 +2.5e-04
   branch d=0,e3=0,e0=-1/2#K0    sign k=-1 eta-root#1:  22 rods, sign(j)=sign(k) on all: True, min|j| = 4.618, j in [-278.86,-4.62], iota0-N in [-1.151,-0.170]
   branch d=0,e3=0,e0=-1/2#K0    sign k=+1 eta-root#1:  22 rods, sign(j)=sign(k) on all: True, min|j| = 5.170, j in [+5.17,+288.79], iota0-N in [+0.170,+1.151]
   branch d=0,e3=1/2,e0=-1#K0    sign k=-1 eta-root#1:  37 rods, sign(j)=sign(k) on all: True, min|j| = 5.798, j in [-419.34,-5.80], iota0-N in [-2.678,-1.873]
   branch d=0,e3=1/2,e0=-1#K0    sign k=+1 eta-root#1:  37 rods, sign(j)=sign(k) on all: True, min|j| = 8.536, j in [+8.54,+432.18], iota0-N in [+1.873,+2.678]
   branch d=0,e3=1/2,e0=-1/2#K0  sign k=-1 eta-root#1:  37 rods, sign(j)=sign(k) on all: True, min|j| = 1.857, j in [-278.87,-1.86], iota0-N in [-1.396,-1.177]
   branch d=0,e3=1/2,e0=-1/2#K0  sign k=+1 eta-root#1:  37 rods, sign(j)=sign(k) on all: True, min|j| = 5.259, j in [+5.26,+288.80], iota0-N in [+1.177,+1.396]
   branch d=1,e3=0,e0=-1#K0      sign k=-1 eta-root#1:  37 rods, sign(j)=sign(k) on all: True, min|j| = 5.831, j in [-419.34,-5.83], iota0-N in [-2.698,-2.155]
   branch d=1,e3=0,e0=-1#K0      sign k=+1 eta-root#1:  37 rods, sign(j)=sign(k) on all: True, min|j| = 8.545, j in [+8.55,+432.18], iota0-N in [+2.155,+2.698]
   branch d=1,e3=0,e0=-3/2#K0    sign k=-1 eta-root#1:  17 rods, sign(j)=sign(k) on all: True, min|j| = 10.140, j in [-23.39,-10.14], iota0-N in [-3.520,-3.163]
   branch d=1,e3=0,e0=-3/2#K0    sign k=+1 eta-root#1:  17 rods, sign(j)=sign(k) on all: True, min|j| = 20.534, j in [+20.53,+43.68], iota0-N in [+3.163,+3.520]
   branch d=1,e3=0,e0=-3/2#K1    sign k=-1 eta-root#1:  20 rods, sign(j)=sign(k) on all: True, min|j| = 13.337, j in [-559.82,-13.34], iota0-N in [-4.082,-3.546]
   branch d=1,e3=0,e0=-3/2#K1    sign k=+1 eta-root#1:  20 rods, sign(j)=sign(k) on all: True, min|j| = 12.137, j in [+12.14,+575.56], iota0-N in [+3.546,+4.082]
   branch d=1,e3=1/2,e0=-2#K0    sign k=-1 eta-root#1:   7 rods, sign(j)=sign(k) on all: True, min|j| = 15.484, j in [-50.17,-15.48], iota0-N in [-1.798,-0.332]
   branch d=1,e3=1/2,e0=-2#K0    sign k=+1 eta-root#1:   7 rods, sign(j)=sign(k) on all: True, min|j| = 14.631, j in [+14.63,+37.27], iota0-N in [+0.332,+1.798]
   branch d=1,e3=1/2,e0=-2#K1    sign k=-1 eta-root#1:  30 rods, sign(j)=sign(k) on all: True, min|j| = 14.640, j in [-700.30,-14.64], iota0-N in [-5.237,-4.365]
   branch d=1,e3=1/2,e0=-2#K1    sign k=+1 eta-root#1:  30 rods, sign(j)=sign(k) on all: True, min|j| = 25.366, j in [+25.37,+718.94], iota0-N in [+4.365,+5.237]
   branch d=1,e3=1/2,e0=-2#K2    sign k=-1 eta-root#1:   7 rods, sign(j)=sign(k) on all: True, min|j| = 17.349, j in [-50.72,-17.35], iota0-N in [-5.478,-5.273]
   branch d=1,e3=1/2,e0=-2#K2    sign k=+1 eta-root#1:   7 rods, sign(j)=sign(k) on all: True, min|j| = 15.874, j in [+15.87,+37.63], iota0-N in [+5.273,+5.478]
   branch d=1,e3=1/2,e0=-3/2#K0  sign k=-1 eta-root#1:   3 rods, sign(j)=sign(k) on all: True, min|j| = 11.762, j in [-17.26,-11.76], iota0-N in [-0.702,-0.382]
   branch d=1,e3=1/2,e0=-3/2#K0  sign k=+1 eta-root#1:   3 rods, sign(j)=sign(k) on all: True, min|j| = 11.193, j in [+11.19,+14.33], iota0-N in [+0.382,+0.702]
   branch d=1,e3=1/2,e0=-3/2#K1  sign k=-1 eta-root#1:  34 rods, sign(j)=sign(k) on all: True, min|j| = 10.150, j in [-559.82,-10.15], iota0-N in [-4.006,-3.238]
   branch d=1,e3=1/2,e0=-3/2#K1  sign k=+1 eta-root#1:  34 rods, sign(j)=sign(k) on all: True, min|j| = 16.986, j in [+16.99,+575.56], iota0-N in [+3.238,+4.006]
   branch d=1,e3=1/2,e0=-3/2#K2  sign k=-1 eta-root#1:   3 rods, sign(j)=sign(k) on all: True, min|j| = 13.338, j in [-18.33,-13.34], iota0-N in [-4.083,-4.033]
   branch d=1,e3=1/2,e0=-3/2#K2  sign k=+1 eta-root#1:   3 rods, sign(j)=sign(k) on all: True, min|j| = 12.138, j in [+12.14,+14.97], iota0-N in [+4.033,+4.083]
   => branches violating sign j = sign k: 0;  min f_A = 0.7638, min f_B = 1.1067, p2 range [-4.5748, 1.0206]
