[d=0,e3=0,e0=0]  K-polynomial: K
[d=0,e3=0,e0=-1/2]  K-polynomial: 4*K + q1 + q2 + q3
[d=0,e3=1/2,e0=-1/2]  K-polynomial: 4*K + q3
[d=0,e3=1/2,e0=-1]  K-polynomial: 4*K + q1 + q2 + 4*q3
[d=1,e3=0,e0=-1]  K-polynomial: 2*(4*K**3 + 4*K**2*q1 + 4*K**2*q2 + 4*K**2*q3 + 3*K*q1*q2 + 3*K*q1*q3 + 3*K*q2*q3 + 2*q1*q2*q3)   s0 = 2*K
[d=1,e3=0,e0=-3/2]  K-polynomial: 64*K**3 + 176*K**2*q1 + 176*K**2*q2 + 176*K**2*q3 + 76*K*q1**2 + 392*K*q1*q2 + 392*K*q1*q3 + 76*K*q2**2 + 392*K*q2*q3 + 76*K*q3**2 + 9*q1**3 + 87*q1**2*q2 + 87*q1**2*q3 + 87*q1*q2**2 + 666*q1*q2*q3 + 87*q1*q3**2 + 9*q2**3 + 87*q2**2*q3 + 87*q2*q3**2 + 9*q3**3   s0 = 2*K/3 + q1/6 + q2/6 + q3/6
[d=1,e3=1/2,e0=-3/2]  K-polynomial: 64*K**3 + 64*K**2*q1 + 64*K**2*q2 + 176*K**2*q3 + 48*K*q1*q2 + 112*K*q1*q3 + 112*K*q2*q3 + 76*K*q3**2 + 60*q1*q2*q3 + 24*q1*q3**2 + 24*q2*q3**2 + 9*q3**3   s0 = 2*K + q3/2
[d=1,e3=1/2,e0=-2]  K-polynomial: 64*K**3 + 176*K**2*q1 + 176*K**2*q2 + 384*K**2*q3 + 76*K*q1**2 + 392*K*q1*q2 + 784*K*q1*q3 + 76*K*q2**2 + 784*K*q2*q3 + 576*K*q3**2 + 9*q1**3 + 87*q1**2*q2 + 172*q1**2*q3 + 87*q1*q2**2 + 1160*q1*q2*q3 + 608*q1*q3**2 + 9*q2**3 + 172*q2**2*q3 + 608*q2*q3**2 + 256*q3**3   s0 = 2*K/3 + q1/6 + q2/6 + 2*q3/3

#### exactly-solvable points on the QA-matched rod (lamODE = -0.4273, R_max = 1) ####
  d=0,e3=0,e0=-1/2       k=+0.0696 iota0-N=+0.0608 s0=+0.0000 eta^2=42.2459 j=+3.8559
  d=0,e3=0,e0=-1/2       k=-0.0696 iota0-N=-0.0608 s0=+0.0000 eta^2=14.0820 j=-4.1943
  d=0,e3=1/2,e0=-1/2     k=+0.9488 iota0-N=+0.8290 s0=+0.0000 eta^2=3.0977 j=+4.0373
  d=0,e3=1/2,e0=-1/2     k=-0.9488 iota0-N=-0.8290 s0=+0.0000 eta^2=1.0326 j=-4.7385
  d=0,e3=1/2,e0=-1       k=+1.6448 iota0-N=+1.4371 s0=+0.0000 eta^2=2.3825 j=+6.6437
  d=0,e3=1/2,e0=-1       k=-1.6448 iota0-N=-1.4371 s0=+0.0000 eta^2=1.1912 j=-7.7573
  d=1,e3=0,e0=-1         k=+1.7581 iota0-N=+1.5361 s0=+6.1817 eta^2=2.2290 j=+6.6886
  d=1,e3=0,e0=-1         k=-1.7581 iota0-N=-1.5361 s0=+6.1817 eta^2=1.1145 j=-7.8471
  d=1,e3=0,e0=-3/2       k=+2.6380 iota0-N=+2.3049 s0=+4.6360 eta^2=1.8569 j=+9.5958
  d=1,e3=0,e0=-3/2       k=-2.6380 iota0-N=-2.3049 s0=+4.6360 eta^2=1.1141 j=-11.0773
  d=1,e3=1/2,e0=-3/2     k=+2.6602 iota0-N=+2.3243 s0=+12.3525 eta^2=1.8414 j=+9.6054
  d=1,e3=1/2,e0=-3/2     k=-2.6602 iota0-N=-2.3243 s0=+12.3525 eta^2=1.1048 j=-11.0934
  d=1,e3=1/2,e0=-2       k=+3.5939 iota0-N=+3.1401 s0=+6.8069 eta^2=1.6356 j=+12.6528
  d=1,e3=1/2,e0=-2       k=-3.5939 iota0-N=-3.1401 s0=+6.8069 eta^2=1.0904 j=-14.3707

#### scan of the closed (1,2) family for j = 0 (continuation from the QA rod in both directions; circles excluded) ####
   68 genuine closed (1,2) rods, lamODE in [-0.5753, -0.3113]; p2 sign change (birth of the S=1 branch) near lamODE = ['-0.4273', '-0.4273']
  branch d=0,e3=0,e0=-1/2#K0    sign(k)=+1 eta-root#1: present on 39 rods, j range [+2.699,+3.856], iota0-N range [+0.061,+0.500], eta^2 range [5.215,42.246]
  branch d=0,e3=0,e0=-1/2#K0    sign(k)=-1 eta-root#1: present on 39 rods, j range [-4.194,-1.157], iota0-N range [-0.500,-0.061], eta^2 range [1.738,14.082]
  branch d=0,e3=1/2,e0=-1/2#K0  sign(k)=+1 eta-root#1: present on 68 rods, j range [+2.892,+100.466], iota0-N range [+0.642,+0.866], eta^2 range [0.158,3.319]
  branch d=0,e3=1/2,e0=-1/2#K0  sign(k)=-1 eta-root#1: present on 68 rods, j range [-298.441,-1.735], iota0-N range [-0.866,-0.642], eta^2 range [0.053,1.106]
  branch d=0,e3=1/2,e0=-1#K0    sign(k)=+1 eta-root#1: present on 67 rods, j range [+4.193,+128.631], iota0-N range [+0.346,+1.581], eta^2 range [0.684,2.467]
  branch d=0,e3=1/2,e0=-1#K0    sign(k)=-1 eta-root#1: present on 67 rods, j range [-254.620,-3.181], iota0-N range [-1.581,-0.346], eta^2 range [0.342,1.233]
  branch d=1,e3=0,e0=-1#K0      sign(k)=+1 eta-root#1: present on 68 rods, j range [+4.233,+225.121], iota0-N range [+1.143,+1.624], eta^2 range [0.119,2.370]
  branch d=1,e3=0,e0=-1#K0      sign(k)=-1 eta-root#1: present on 68 rods, j range [-448.024,-3.261], iota0-N range [-1.624,-1.143], eta^2 range [0.059,1.185]
  branch d=1,e3=0,e0=-3/2#K0    sign(k)=+1 eta-root#1: present on 68 rods, j range [+5.742,+359.747], iota0-N range [+1.376,+2.464], eta^2 range [0.123,1.959]
  branch d=1,e3=0,e0=-3/2#K0    sign(k)=-1 eta-root#1: present on 68 rods, j range [-597.608,-4.943], iota0-N range [-2.464,-1.376], eta^2 range [0.074,1.175]
  branch d=1,e3=1/2,e0=-3/2#K1  sign(k)=+1 eta-root#1: present on 68 rods, j range [+5.748,+359.750], iota0-N range [+1.675,+2.468], eta^2 range [0.101,1.952]
  branch d=1,e3=1/2,e0=-3/2#K1  sign(k)=-1 eta-root#1: present on 68 rods, j range [-597.611,-4.952], iota0-N range [-2.468,-1.675], eta^2 range [0.061,1.171]
  branch d=1,e3=1/2,e0=-2#K1    sign(k)=+1 eta-root#1: present on 54 rods, j range [+7.962,+284.787], iota0-N range [+2.186,+3.315], eta^2 range [0.163,1.734]
  branch d=1,e3=1/2,e0=-2#K1    sign(k)=-1 eta-root#1: present on 54 rods, j range [-424.978,-7.426], iota0-N range [-3.315,-2.186], eta^2 range [0.108,1.156]
  branch d=1,e3=1/2,e0=-2#K0    sign(k)=+1 eta-root#1: present on 14 rods, j range [+5.284,+499.365], iota0-N range [+0.143,+2.118], eta^2 range [0.096,39.017]
  branch d=1,e3=1/2,e0=-2#K0    sign(k)=-1 eta-root#1: present on 14 rods, j range [-747.199,-3.589], iota0-N range [-2.118,-0.143], eta^2 range [0.064,26.011]
  branch d=1,e3=1/2,e0=-2#K2    sign(k)=+1 eta-root#1: present on 13 rods, j range [+7.345,+7.890], iota0-N range [+3.317,+3.331], eta^2 range [1.566,1.680]
  branch d=1,e3=1/2,e0=-2#K2    sign(k)=-1 eta-root#1: present on 13 rods, j range [-7.331,-6.679], iota0-N range [-3.331,-3.317], eta^2 range [1.044,1.120]

0 current-free exactly-solvable point(s) found in the closed (1,2) family (deg S <= 1).
