
=== d=1, e3=0, m=0 (e0=-1): 3 equations in (k, s0) after eliminating a,b; degrees in k: [2, 2, 2], in s0: [1, 3, 2]
    still contains k (odd powers)? False
    resultants w.r.t. s0 (factored):
       2*(4*K**3 + 4*K**2*q1 + 4*K**2*q2 + 4*K**2*q3 + 3*K*q1*q2 + 3*K*q1*q3 + 3*K*q2*q3 + 2*q1*q2*q3)
       2*(4*K**3 + 4*K**2*q1 + 4*K**2*q2 + 4*K**2*q3 + 3*K*q1*q2 + 3*K*q1*q3 + 3*K*q2*q3 + 2*q1*q2*q3)
    => rod constraint (resultant in K, factored): 0
    [0.0s]

=== d=1, e3=0, m=-1/2 (e0=-3/2): 3 equations in (k, s0) after eliminating a,b; degrees in k: [2, 2, 2], in s0: [1, 3, 2]
    still contains k (odd powers)? False
    resultants w.r.t. s0 (factored):
       6*(64*K**3 + 176*K**2*q1 + 176*K**2*q2 + 176*K**2*q3 + 76*K*q1**2 + 392*K*q1*q2 + 392*K*q1*q3 + 76*K*q2**2 + 392*K*q2*q3 + 76*K*q3**2 + 9*q1**3 + 87*q1**2*q2 + 87*q1**2*q3 + 87*q1*q2**2 + 666*q1*q2*q3 + 87*q1*q3**2 + 9*q2**3 + 87*q2**2*q3 + 87*q2*q3**2 + 9*q3**3)
       64*K**3 + 176*K**2*q1 + 176*K**2*q2 + 176*K**2*q3 + 76*K*q1**2 + 392*K*q1*q2 + 392*K*q1*q3 + 76*K*q2**2 + 392*K*q2*q3 + 76*K*q3**2 + 9*q1**3 + 87*q1**2*q2 + 87*q1**2*q3 + 87*q1*q2**2 + 666*q1*q2*q3 + 87*q1*q3**2 + 9*q2**3 + 87*q2**2*q3 + 87*q2*q3**2 + 9*q3**3
    => rod constraint (resultant in K, factored): 0
    [0.1s]

=== d=1, e3=1/2, m=0 (e0=-3/2): 4 equations in (k, s0) after eliminating a,b; degrees in k: [2, 2, 2, 2], in s0: [1, 3, 3, 2]
    still contains k (odd powers)? False
    resultants w.r.t. s0 (factored):
       2*(64*K**3 + 64*K**2*q1 + 64*K**2*q2 + 176*K**2*q3 + 48*K*q1*q2 + 112*K*q1*q3 + 112*K*q2*q3 + 76*K*q3**2 + 60*q1*q2*q3 + 24*q1*q3**2 + 24*q2*q3**2 + 9*q3**3)
       -(-4*K + q3)*(64*K**3 + 64*K**2*q1 + 64*K**2*q2 + 176*K**2*q3 + 48*K*q1*q2 + 112*K*q1*q3 + 112*K*q2*q3 + 76*K*q3**2 + 60*q1*q2*q3 + 24*q1*q3**2 + 24*q2*q3**2 + 9*q3**3)
       -q3*(64*K**3 + 64*K**2*q1 + 64*K**2*q2 + 176*K**2*q3 + 48*K*q1*q2 + 112*K*q1*q3 + 112*K*q2*q3 + 76*K*q3**2 + 60*q1*q2*q3 + 24*q1*q3**2 + 24*q2*q3**2 + 9*q3**3)
    => rod constraint (resultant in K, factored): 0
    [0.1s]

=== d=1, e3=1/2, m=-1/2 (e0=-2): 4 equations in (k, s0) after eliminating a,b; degrees in k: [2, 2, 2, 2], in s0: [1, 3, 3, 2]
    still contains k (odd powers)? False
    resultants w.r.t. s0 (factored):
       6*(64*K**3 + 176*K**2*q1 + 176*K**2*q2 + 384*K**2*q3 + 76*K*q1**2 + 392*K*q1*q2 + 784*K*q1*q3 + 76*K*q2**2 + 784*K*q2*q3 + 576*K*q3**2 + 9*q1**3 + 87*q1**2*q2 + 172*q1**2*q3 + 87*q1*q2**2 + 1160*q1*q2*q3 + 608*q1*q3**2 + 9*q2**3 + 172*q2**2*q3 + 608*q2*q3**2 + 256*q3**3)
       (4*K + q1 + q2 - 2*q3)*(64*K**3 + 176*K**2*q1 + 176*K**2*q2 + 384*K**2*q3 + 76*K*q1**2 + 392*K*q1*q2 + 784*K*q1*q3 + 76*K*q2**2 + 784*K*q2*q3 + 576*K*q3**2 + 9*q1**3 + 87*q1**2*q2 + 172*q1**2*q3 + 87*q1*q2**2 + 1160*q1*q2*q3 + 608*q1*q3**2 + 9*q2**3 + 172*q2**2*q3 + 608*q2*q3**2 + 256*q3**3)
       -q3*(64*K**3 + 176*K**2*q1 + 176*K**2*q2 + 384*K**2*q3 + 76*K*q1**2 + 392*K*q1*q2 + 784*K*q1*q3 + 76*K*q2**2 + 784*K*q2*q3 + 576*K*q3**2 + 9*q1**3 + 87*q1**2*q2 + 172*q1**2*q3 + 87*q1*q2**2 + 1160*q1*q2*q3 + 608*q1*q3**2 + 9*q2**3 + 172*q2**2*q3 + 608*q2*q3**2 + 256*q3**3)
    => rod constraint (resultant in K, factored): 0
    [0.1s]
