 lamODE   alpha    beta      L      l2      l3       c        C       p2       fA       fB   iota0(S1)=sqrt(-p2)L/(4pi)
 -0.4273   0.4632  -0.3408   5.490  0.7877  0.4273   0.3609  -0.9797  -0.0194   0.7503   2.0692   0.0608
 -0.4175   0.4510  -0.3764   5.443  0.7642  0.4175   0.3741  -0.9469   0.2339   0.8137   2.0222   nan
 -0.4077   0.4377  -0.4149   5.398  0.7387  0.4077   0.3890  -0.9045   0.5334   0.8801   1.9698   nan
 -0.3979   0.4231  -0.4568   5.355  0.7108  0.3979   0.4055  -0.8518   0.8854   0.9482   1.9120   nan
 -0.3881   0.4071  -0.5026   5.313  0.6803  0.3881   0.4239  -0.7881   1.2970   1.0163   1.8487   nan
 -0.3783   0.3893  -0.5530   5.274  0.6465  0.3783   0.4442  -0.7131   1.7761   1.0821   1.7798   nan
 -0.3685   0.3692  -0.6089   5.238  0.6091  0.3685   0.4664  -0.6271   2.3307   1.1427   1.7058   nan
 -0.3588   0.3465  -0.6717   5.205  0.5671  0.3588   0.4904  -0.5310   2.9693   1.1948   1.6270   nan
 -0.3490   0.3203  -0.7432   5.176  0.5196  0.3490   0.5163  -0.4269   3.7005   1.2347   1.5443   nan
 -0.3392   0.2894  -0.8261   5.151  0.4650  0.3392   0.5437  -0.3183   4.5323   1.2582   1.4590   nan
 -0.3294   0.2520  -0.9251   5.131  0.4005  0.3294   0.5723  -0.2104   5.4716   1.2617   1.3727   nan
 -0.3196   0.2042  -1.0498   5.117  0.3206  0.3196   0.6016  -0.1109   6.5237   1.2420   1.2874   nan
 -0.3098   0.1351  -1.2276   5.109  0.2093  0.3098   0.6311  -0.0314   7.6918   1.1974   1.2056   nan
/home/user/QS_MHS_search/search/round1/rod-axis-potential/vacuum_S1_search.py:39: RuntimeWarning: The iteration is not making good progress, as measured by the 
 improvement from the last ten iterations.
  p = fsolve(shoot, guess, args=(lam,), xtol=1e-12)
 -0.3000  no closed (1,2) rod found from guess
 -0.4400   0.4776  -0.2984   5.552  0.8154  0.4400   0.3460  -1.0095  -0.2886   0.6740   2.1227   0.2373
 -0.4563   0.4942  -0.2492   5.635  0.8472  0.4563   0.3302  -1.0298  -0.5524   0.5875   2.1800   0.3332
 -0.4726   0.5090  -0.2050   5.719  0.8754  0.4726   0.3177  -1.0337  -0.7418   0.5150   2.2258   0.3920
 -0.4889   0.5224  -0.1651   5.805  0.9006  0.4889   0.3080  -1.0249  -0.8726   0.4564   2.2615   0.4315
 -0.5053   0.5345  -0.1287   5.892  0.9231  0.5053   0.3007  -1.0065  -0.9574   0.4108   2.2886   0.4588
 -0.5216   0.5456  -0.0954   5.980  0.9435  0.5216   0.2954  -0.9811  -1.0065   0.3772   2.3082   0.4774
 -0.5379   0.5558  -0.0648   6.069  0.9619  0.5379   0.2918  -0.9507  -1.0277   0.3540   2.3215   0.4896
 -0.5542   0.5652  -0.0366   6.157  0.9787  0.5542   0.2897  -0.9170  -1.0274   0.3400   2.3295   0.4967
 -0.5705   0.5739  -0.0104   6.246  0.9940  0.5705   0.2888  -0.8813  -1.0108   0.3339   2.3330   0.4997
 -0.5868   0.5868   0.0000   6.283  1.0000  0.5868   0.2934  -0.8520  -0.9037   0.3278   2.3278   0.4753
 -0.6032   0.6032  -0.0000   6.283  1.0000  0.6032   0.3016  -0.8290  -0.7488   0.3181   2.3181   0.4327
 -0.6195   0.6195   0.0000   6.283  1.0000  0.6195   0.3097  -0.8071  -0.6059   0.3081   2.3081   0.3892
 -0.6358   0.6358   0.0000   6.283  1.0000  0.6358   0.3179  -0.7864  -0.4738   0.2979   2.2979   0.3442
 -0.6521   0.6521  -0.0000   6.283  1.0000  0.6521   0.3261  -0.7667  -0.3516   0.2874   2.2874   0.2965
 -0.6684   0.6684   0.0000   6.283  1.0000  0.6684   0.3342  -0.7480  -0.2382   0.2766   2.2766   0.2440
 -0.6847   0.6847   0.0000   6.283  1.0000  0.6847   0.3424  -0.7302  -0.1328   0.2656   2.2656   0.1822
 -0.7011   0.7011   0.0000   6.283  1.0000  0.7011   0.3505  -0.7132  -0.0347   0.2543   2.2543   0.0931
 -0.7174   0.7174   0.0000   6.283  1.0000  0.7174   0.3587  -0.6970   0.0568   0.2427   2.2427   nan
 -0.7337   0.7337  -0.0000   6.283  1.0000  0.7337   0.3668  -0.6815   0.1423   0.2309   2.2309   nan
 -0.7500   0.7500   0.0000   6.283  1.0000  0.7500   0.3750  -0.6667   0.2222   0.2188   2.2188   nan
